// Jest Snapshot v1, https://goo.gl/fbAQLP

exports[`WeatherChart should render WeatherParams correctly 1`] = `
<div
  className="chart-container"
  onScroll={[Function]}
>
  <div
    className="chart-title"
  >
    <span
      className="blue-title"
    >
      Tide
    </span>
    <span
      className="orange-title"
    >
      Sunrise & Sunset
    </span>
  </div>
  <canvas
    className="chart-canvas"
  />
  <img
    alt="sun"
    className="img-sun"
    src="sun.svg"
  />
  <span
    className="time-text"
  >
    6:00 am
  </span>
  <div
    className="day-text"
  >
    Day 
    1
  </div>
</div>
`;
